<!DOCTYPE html>
<html lang="en">
<head>
    <meta http-equiv="refresh" content="0;URL=../../../../windows/Win32/Globalization/constant.U_BRK_SEMICOLON_EXPECTED.html">
    <title>Redirection</title>
</head>
<body>
    <p>Redirecting to <a href="../../../../windows/Win32/Globalization/constant.U_BRK_SEMICOLON_EXPECTED.html">../../../../windows/Win32/Globalization/constant.U_BRK_SEMICOLON_EXPECTED.html</a>...</p>
    <script>location.replace("../../../../windows/Win32/Globalization/constant.U_BRK_SEMICOLON_EXPECTED.html" + location.search + location.hash);</script>
</body>
</html>