<!DOCTYPE html>
<html lang="en">
<head>
    <meta http-equiv="refresh" content="0;URL=../../../../../windows/Win32/Storage/Xps/constant.XPS_E_ONE_TO_ONE_MAPPING_EXPECTED.html">
    <title>Redirection</title>
</head>
<body>
    <p>Redirecting to <a href="../../../../../windows/Win32/Storage/Xps/constant.XPS_E_ONE_TO_ONE_MAPPING_EXPECTED.html">../../../../../windows/Win32/Storage/Xps/constant.XPS_E_ONE_TO_ONE_MAPPING_EXPECTED.html</a>...</p>
    <script>location.replace("../../../../../windows/Win32/Storage/Xps/constant.XPS_E_ONE_TO_ONE_MAPPING_EXPECTED.html" + location.search + location.hash);</script>
</body>
</html>