<!DOCTYPE html>
<html lang="en">
<head>
    <meta http-equiv="refresh" content="0;URL=../../../../../windows/Win32/UI/WindowsAndMessaging/constant.__WARNING_POST_EXPECTED.html">
    <title>Redirection</title>
</head>
<body>
    <p>Redirecting to <a href="../../../../../windows/Win32/UI/WindowsAndMessaging/constant.__WARNING_POST_EXPECTED.html">../../../../../windows/Win32/UI/WindowsAndMessaging/constant.__WARNING_POST_EXPECTED.html</a>...</p>
    <script>location.replace("../../../../../windows/Win32/UI/WindowsAndMessaging/constant.__WARNING_POST_EXPECTED.html" + location.search + location.hash);</script>
</body>
</html>